---
http_interactions:
- request:
    method: post
    uri: https://api.stripe.com/v1/tokens
    body:
      encoding: UTF-8
      string: card[number]=4000000000000341&card[exp_month]=9&card[exp_year]=2020&card[cvc]=314
    headers:
      User-Agent:
      - Stripe/v1 RubyBindings/5.2.0
      Authorization:
      - Bearer sk_test_HgzjcEX1e2EMzGsihsPjIZXU00AthWlTdD
      Content-Type:
      - application/x-www-form-urlencoded
      X-Stripe-Client-Telemetry:
      - '{"last_request_metrics":{"request_id":"req_9nVXzKb9MnVI9O","request_duration_ms":1926}}'
      X-Stripe-Client-User-Agent:
      - '{"bindings_version":"5.2.0","lang":"ruby","lang_version":"2.6.3 p62 (2019-04-16)","platform":"x86_64-darwin18","engine":"ruby","publisher":"stripe","uname":"Darwin
        Katherines-MBP.router 18.7.0 Darwin Kernel Version 18.7.0: Tue Aug 20 16:57:14
        PDT 2019; root:xnu-4903.271.2~2/RELEASE_X86_64 x86_64","hostname":"Katherines-MBP.router"}'
      Accept-Encoding:
      - gzip;q=1.0,deflate;q=0.6,identity;q=0.3
      Accept:
      - "*/*"
  response:
    status:
      code: 200
      message: OK
    headers:
      Server:
      - nginx
      Date:
      - Sun, 06 Oct 2019 19:24:56 GMT
      Content-Type:
      - application/json
      Content-Length:
      - '786'
      Connection:
      - keep-alive
      Access-Control-Allow-Credentials:
      - 'true'
      Access-Control-Allow-Methods:
      - GET, POST, HEAD, OPTIONS, DELETE
      Access-Control-Allow-Origin:
      - "*"
      Access-Control-Expose-Headers:
      - Request-Id, Stripe-Manage-Version, X-Stripe-External-Auth-Required, X-Stripe-Privileged-Session-Required
      Access-Control-Max-Age:
      - '300'
      Cache-Control:
      - no-cache, no-store
      Request-Id:
      - req_eQPOeg1hDpT7yo
      Stripe-Version:
      - '2019-09-09'
      Strict-Transport-Security:
      - max-age=31556926; includeSubDomains; preload
    body:
      encoding: UTF-8
      string: |
        {
          "id": "tok_1FQfLgFwnVEodejJSpTsn2Rh",
          "object": "token",
          "card": {
            "id": "card_1FQfLfFwnVEodejJcy6L4XVA",
            "object": "card",
            "address_city": null,
            "address_country": null,
            "address_line1": null,
            "address_line1_check": null,
            "address_line2": null,
            "address_state": null,
            "address_zip": null,
            "address_zip_check": null,
            "brand": "Visa",
            "country": "US",
            "cvc_check": "unchecked",
            "dynamic_last4": null,
            "exp_month": 9,
            "exp_year": 2020,
            "fingerprint": "sVryBq22RvguIhAp",
            "funding": "credit",
            "last4": "0341",
            "metadata": {
            },
            "name": null,
            "tokenization_method": null
          },
          "client_ip": "107.72.178.177",
          "created": 1570389896,
          "livemode": false,
          "type": "card",
          "used": false
        }
    http_version: 
  recorded_at: Sun, 06 Oct 2019 19:24:55 GMT
- request:
    method: post
    uri: https://api.stripe.com/v1/customers
    body:
      encoding: UTF-8
      string: email=ahmed_cummings%40volkmanschoen.name&source=tok_1FQfLgFwnVEodejJSpTsn2Rh
    headers:
      User-Agent:
      - Stripe/v1 RubyBindings/5.2.0
      Authorization:
      - Bearer sk_test_HgzjcEX1e2EMzGsihsPjIZXU00AthWlTdD
      Content-Type:
      - application/x-www-form-urlencoded
      X-Stripe-Client-Telemetry:
      - '{"last_request_metrics":{"request_id":"req_eQPOeg1hDpT7yo","request_duration_ms":497}}'
      X-Stripe-Client-User-Agent:
      - '{"bindings_version":"5.2.0","lang":"ruby","lang_version":"2.6.3 p62 (2019-04-16)","platform":"x86_64-darwin18","engine":"ruby","publisher":"stripe","uname":"Darwin
        Katherines-MBP.router 18.7.0 Darwin Kernel Version 18.7.0: Tue Aug 20 16:57:14
        PDT 2019; root:xnu-4903.271.2~2/RELEASE_X86_64 x86_64","hostname":"Katherines-MBP.router"}'
      Accept-Encoding:
      - gzip;q=1.0,deflate;q=0.6,identity;q=0.3
      Accept:
      - "*/*"
  response:
    status:
      code: 200
      message: OK
    headers:
      Server:
      - nginx
      Date:
      - Sun, 06 Oct 2019 19:24:57 GMT
      Content-Type:
      - application/json
      Content-Length:
      - '1910'
      Connection:
      - keep-alive
      Access-Control-Allow-Credentials:
      - 'true'
      Access-Control-Allow-Methods:
      - GET, POST, HEAD, OPTIONS, DELETE
      Access-Control-Allow-Origin:
      - "*"
      Access-Control-Expose-Headers:
      - Request-Id, Stripe-Manage-Version, X-Stripe-External-Auth-Required, X-Stripe-Privileged-Session-Required
      Access-Control-Max-Age:
      - '300'
      Cache-Control:
      - no-cache, no-store
      Request-Id:
      - req_Lmg0m55WEVaiR6
      Stripe-Version:
      - '2019-09-09'
      Strict-Transport-Security:
      - max-age=31556926; includeSubDomains; preload
    body:
      encoding: UTF-8
      string: |
        {
          "id": "cus_FwYSLDFijmCYjm",
          "object": "customer",
          "account_balance": 0,
          "address": null,
          "balance": 0,
          "created": 1570389896,
          "currency": null,
          "default_source": "card_1FQfLfFwnVEodejJcy6L4XVA",
          "delinquent": false,
          "description": null,
          "discount": null,
          "email": "ahmed_cummings@volkmanschoen.name",
          "invoice_prefix": "EC82979C",
          "invoice_settings": {
            "custom_fields": null,
            "default_payment_method": null,
            "footer": null
          },
          "livemode": false,
          "metadata": {
          },
          "name": null,
          "phone": null,
          "preferred_locales": [

          ],
          "shipping": null,
          "sources": {
            "object": "list",
            "data": [
              {
                "id": "card_1FQfLfFwnVEodejJcy6L4XVA",
                "object": "card",
                "address_city": null,
                "address_country": null,
                "address_line1": null,
                "address_line1_check": null,
                "address_line2": null,
                "address_state": null,
                "address_zip": null,
                "address_zip_check": null,
                "brand": "Visa",
                "country": "US",
                "customer": "cus_FwYSLDFijmCYjm",
                "cvc_check": "pass",
                "dynamic_last4": null,
                "exp_month": 9,
                "exp_year": 2020,
                "fingerprint": "sVryBq22RvguIhAp",
                "funding": "credit",
                "last4": "0341",
                "metadata": {
                },
                "name": null,
                "tokenization_method": null
              }
            ],
            "has_more": false,
            "total_count": 1,
            "url": "/v1/customers/cus_FwYSLDFijmCYjm/sources"
          },
          "subscriptions": {
            "object": "list",
            "data": [

            ],
            "has_more": false,
            "total_count": 0,
            "url": "/v1/customers/cus_FwYSLDFijmCYjm/subscriptions"
          },
          "tax_exempt": "none",
          "tax_ids": {
            "object": "list",
            "data": [

            ],
            "has_more": false,
            "total_count": 0,
            "url": "/v1/customers/cus_FwYSLDFijmCYjm/tax_ids"
          },
          "tax_info": null,
          "tax_info_verification": null
        }
    http_version: 
  recorded_at: Sun, 06 Oct 2019 19:24:56 GMT
- request:
    method: post
    uri: https://api.stripe.com/v1/subscriptions
    body:
      encoding: UTF-8
      string: customer=%23%3CUser%3A0x00007fada8af6330%3E&items[0][plan]=plan_FvLaEBqzjQ9ZTR&expand[0]=latest_invoice.payment_intent
    headers:
      User-Agent:
      - Stripe/v1 RubyBindings/5.2.0
      Authorization:
      - Bearer sk_test_HgzjcEX1e2EMzGsihsPjIZXU00AthWlTdD
      Content-Type:
      - application/x-www-form-urlencoded
      X-Stripe-Client-Telemetry:
      - '{"last_request_metrics":{"request_id":"req_Lmg0m55WEVaiR6","request_duration_ms":1032}}'
      X-Stripe-Client-User-Agent:
      - '{"bindings_version":"5.2.0","lang":"ruby","lang_version":"2.6.3 p62 (2019-04-16)","platform":"x86_64-darwin18","engine":"ruby","publisher":"stripe","uname":"Darwin
        Katherines-MBP.router 18.7.0 Darwin Kernel Version 18.7.0: Tue Aug 20 16:57:14
        PDT 2019; root:xnu-4903.271.2~2/RELEASE_X86_64 x86_64","hostname":"Katherines-MBP.router"}'
      Accept-Encoding:
      - gzip;q=1.0,deflate;q=0.6,identity;q=0.3
      Accept:
      - "*/*"
  response:
    status:
      code: 404
      message: Not Found
    headers:
      Server:
      - nginx
      Date:
      - Sun, 06 Oct 2019 19:24:58 GMT
      Content-Type:
      - application/json
      Content-Length:
      - '258'
      Connection:
      - keep-alive
      Access-Control-Allow-Credentials:
      - 'true'
      Access-Control-Allow-Methods:
      - GET, POST, HEAD, OPTIONS, DELETE
      Access-Control-Allow-Origin:
      - "*"
      Access-Control-Expose-Headers:
      - Request-Id, Stripe-Manage-Version, X-Stripe-External-Auth-Required, X-Stripe-Privileged-Session-Required
      Access-Control-Max-Age:
      - '300'
      Cache-Control:
      - no-cache, no-store
      Request-Id:
      - req_MmcUkNsviBt7Ls
      Stripe-Version:
      - '2019-09-09'
      Strict-Transport-Security:
      - max-age=31556926; includeSubDomains; preload
    body:
      encoding: UTF-8
      string: |
        {
          "error": {
            "code": "resource_missing",
            "doc_url": "https://stripe.com/docs/error-codes/resource-missing",
            "message": "No such customer: #\u003CUser:0x00007fada8af6330\u003E",
            "param": "customer",
            "type": "invalid_request_error"
          }
        }
    http_version: 
  recorded_at: Sun, 06 Oct 2019 19:24:57 GMT
recorded_with: VCR 5.0.0
